exports[`fetchContacts loads the contacts and dispatches a GOT_CONTACTS event 1`] = `
Array [
  Array [
    Object {
      "contacts": Array [
        Object {
          "avatarURL": "content://com.android.contacts/contacts/1005/photo",
          "name": "Quak Yin",
          "phoneNumber": "+60142837979",
        },
        Object {
          "avatarURL": "content://com.android.contacts/contacts/1005/photo",
          "name": "Marc Robinson",
          "phoneNumber": "+61400669057",
        },
        Object {
          "avatarURL": "content://com.android.contacts/contacts/688/photo",
          "name": "Guy Lupo",
          "phoneNumber": "+61432031301",
        },
      ],
      "type": "GOT_CONTACTS",
    },
  ],
]
`;
