exports[`experimentViewed sends an Experiment Viewed tracking event to Segment 1`] = `undefined`;
