exports[`test renders the <AreYouReady> component 1`] = `
<Image
  resizeMode="cover"
  source={1}
  style={
    Object {
      "flex": 1,
      "width": 750,
    }
  }>
  <View
    style={
      Object {
        "flex": 7,
      }
    } />
  <View
    style={
      Object {
        "flex": 3,
        "paddingHorizontal": 32,
      }
    }>
    <Text
      accessible={true}
      allowFontScaling={true}
      ellipsizeMode="tail"
      style={
        Object {
          "backgroundColor": "transparent",
          "color": "#FFF",
          "fontFamily": "Raleway-ExtraBold",
          "fontSize": 26,
          "textAlign": "center",
        }
      }>
      [missing \"en.areYouReady.header\" translation]
    </Text>
    <View
      style={
        Object {
          "height": 32,
        }
      } />
    <View
      style={
        Object {
          "alignItems": "flex-start",
          "flex": 1,
          "flexDirection": "row",
          "justifyContent": "space-between",
        }
      }>
      <View
        accessibilityComponentType={undefined}
        accessibilityLabel={undefined}
        accessibilityTraits={undefined}
        accessible={true}
        hitSlop={undefined}
        onLayout={undefined}
        onResponderGrant={[Function]}
        onResponderMove={[Function]}
        onResponderRelease={[Function]}
        onResponderTerminate={[Function]}
        onResponderTerminationRequest={[Function]}
        onStartShouldSetResponder={[Function]}
        style={
          Object {
            "alignItems": "center",
            "backgroundColor": "transparent",
            "flexDirection": "row",
            "justifyContent": "center",
            "opacity": 1,
          }
        }
        testID={undefined}>
        <Text
          accessible={true}
          allowFontScaling={true}
          ellipsizeMode="tail"
          style={
            Object {
              "color": "#FFF",
              "fontFamily": "Raleway-Regular",
              "fontSize": 20,
            }
          }>
          [missing \"en.areYouReady.notReadyYet\" translation]
           
        </Text>
      </View>
      <View
        accessibilityComponentType={undefined}
        accessibilityLabel={undefined}
        accessibilityTraits={undefined}
        accessible={true}
        hitSlop={undefined}
        onLayout={undefined}
        onResponderGrant={[Function]}
        onResponderMove={[Function]}
        onResponderRelease={[Function]}
        onResponderTerminate={[Function]}
        onResponderTerminationRequest={[Function]}
        onStartShouldSetResponder={[Function]}
        style={
          Object {
            "alignItems": "center",
            "backgroundColor": "transparent",
            "flexDirection": "row",
            "justifyContent": "center",
            "opacity": 1,
          }
        }
        testID={undefined}>
        <Text
          accessible={true}
          allowFontScaling={true}
          ellipsizeMode="tail"
          style={
            Object {
              "color": "#FFF",
              "fontFamily": "Raleway-Regular",
              "fontSize": 20,
            }
          }>
          [missing \"en.areYouReady.ready\" translation]
           
        </Text>
      </View>
    </View>
  </View>
</Image>
`;
