exports[`test renders 1`] = `
<View
  style={
    Object {
      "alignItems": "center",
    }
  }>
  <Text
    accessible={true}
    allowFontScaling={true}
    ellipsizeMode="tail"
    style={
      Object {
        "backgroundColor": "transparent",
        "color": "#FFF",
        "fontFamily": "Raleway-ExtraBold",
        "fontSize": 30,
        "marginBottom": -2,
        "textAlign": "center",
      }
    }>
    Go to www.gettraxi.com on Jeff\'s device
  </Text>
  <View
    style={
      Object {
        "height": 32,
      }
    } />
  <Image
    animation={undefined}
    duration={undefined}
    iterationCount={undefined}
    source={1}
    style={
      Object {
        "borderColor": "#FFF",
        "borderRadius": 102,
        "borderWidth": 5.828571428571428,
        "height": 204,
        "marginBottom": 20.4,
        "shadowColor": "rgba(0,0,0,0.5)",
        "shadowOffset": Object {
          "height": 2,
        },
        "shadowRadius": 5,
        "width": 204,
      }
    } />
  <View
    style={
      Object {
        "flexDirection": "row",
        "justifyContent": "space-between",
        "width": 686,
      }
    } />
</View>
`;
