// Jest Snapshot v1, https://goo.gl/fbAQLP

exports[`renders 1`] = `
<View
  style={
    Object {
      "alignItems": "center",
    }
  }
>
  <Text
    accessible={true}
    allowFontScaling={true}
    ellipsizeMode="tail"
    style={
      Object {
        "backgroundColor": "transparent",
        "color": "#545454",
        "fontFamily": "Raleway-ExtraBold",
        "fontSize": 26,
        "marginBottom": -2,
        "textAlign": "center",
      }
    }
  >
    [missing "en.waitingForDevice.header" translation]
  </Text>
  <View
    style={
      Object {
        "height": 32,
      }
    }
  />
  <Image
    animation={undefined}
    duration={undefined}
    iterationCount={undefined}
    source={
      Object {
        "uri": "yep",
      }
    }
    style={
      Object {
        "borderColor": "#FFF",
        "borderRadius": 83,
        "borderWidth": 4.742857142857143,
        "height": 166,
        "marginBottom": 16.6,
        "shadowColor": "rgba(0,0,0,0.5)",
        "shadowOffset": Object {
          "height": 2,
        },
        "shadowRadius": 5,
        "width": 166,
      }
    }
  />
  <View
    style={
      Object {
        "height": 32,
      }
    }
  />
  <ActivityIndicator
    animating={true}
    color="white"
    hidesWhenStopped={true}
    size="large"
  />
  <View
    style={
      Object {
        "height": 32,
      }
    }
  />
  <Text
    accessible={true}
    allowFontScaling={true}
    ellipsizeMode="tail"
    style={
      Object {
        "backgroundColor": "transparent",
        "color": "#FFF",
        "fontFamily": "Raleway-Regular",
        "fontSize": 16,
        "textAlign": "center",
      }
    }
  >
    [missing "en.waitingForDevice.waiting" translation]
  </Text>
  <View
    style={
      Object {
        "height": 24,
      }
    }
  />
  <View
    style={
      Object {
        "alignItems": "center",
        "width": 686,
      }
    }
  >
    <View
      accessibilityComponentType={undefined}
      accessibilityLabel={undefined}
      accessibilityTraits={undefined}
      accessible={true}
      hitSlop={undefined}
      isTVSelectable={true}
      onLayout={undefined}
      onResponderGrant={[Function]}
      onResponderMove={[Function]}
      onResponderRelease={[Function]}
      onResponderTerminate={[Function]}
      onResponderTerminationRequest={[Function]}
      onStartShouldSetResponder={[Function]}
      style={
        Object {
          "alignItems": "center",
          "backgroundColor": "transparent",
          "flexDirection": "row",
          "justifyContent": "center",
          "marginTop": 16,
          "opacity": 1,
        }
      }
      testID={undefined}
      tvParallaxProperties={undefined}
    >
      <Text
        accessible={true}
        allowFontScaling={true}
        ellipsizeMode="tail"
        style={
          Object {
            "color": "#448AFF",
            "fontFamily": "Raleway-Regular",
            "fontSize": 14,
          }
        }
      >
        [missing "en.general.needHelp" translation]
         
      </Text>
    </View>
  </View>
</View>
`;
