// Jest Snapshot v1, https://goo.gl/fbAQLP

exports[`NameSetup Renders correctly 1`] = `
<View
  style={
    Object {
      "alignSelf": "stretch",
      "backgroundColor": "#448AFF",
      "flex": 1,
    }
  }
>
  <View
    style={
      Object {
        "flex": 6,
        "paddingLeft": 30,
        "paddingRight": 30,
        "paddingTop": 50,
      }
    }
  >
    <Text
      accessible={true}
      allowFontScaling={true}
      ellipsizeMode="tail"
      style={
        Object {
          "backgroundColor": "transparent",
          "color": "#FFF",
          "fontFamily": "Raleway-ExtraBold",
          "fontSize": 30,
          "marginBottom": -2,
          "textAlign": "center",
        }
      }
    >
      Last step, 
      Chris
       !
    </Text>
    <View
      style={
        Object {
          "height": 32,
        }
      }
    />
    <Text
      accessible={true}
      allowFontScaling={true}
      ellipsizeMode="tail"
      style={
        Object {
          "color": "#FFF",
          "fontFamily": "Raleway-Regular",
          "fontSize": 16,
        }
      }
    >
      Your email address:
    </Text>
    <View
      style={
        Object {
          "height": 10,
        }
      }
    />
    <TextInput
      autoCapitalize="words"
      autoCorrect={false}
      keyboardType="email-address"
      onChangeText={[Function]}
      onSubmitEditing={undefined}
      placeholderTextColor="rgba(75, 73, 73, 0.8)"
      secureTextEntry={undefined}
      style={
        Object {
          "backgroundColor": "#EFEFEF",
          "borderRadius": 4,
          "color": "rgba(75, 73, 73, 1)",
          "fontFamily": "Raleway-Regular",
          "height": 32,
          "paddingHorizontal": 8,
          "width": 686,
        }
      }
      underlineColorAndroid="#448AFF"
      value="test@email.com"
    />
    <View
      style={
        Object {
          "height": 32,
        }
      }
    />
    <Text
      accessible={true}
      allowFontScaling={true}
      ellipsizeMode="tail"
      style={
        Object {
          "color": "#FFF",
          "fontFamily": "Raleway-Regular",
          "fontSize": 16,
        }
      }
    >
      Choose a password:
    </Text>
    <View
      style={
        Object {
          "height": 10,
        }
      }
    />
    <TextInput
      autoCapitalize="none"
      autoCorrect={false}
      keyboardType={undefined}
      onChangeText={[Function]}
      onSubmitEditing={undefined}
      placeholderTextColor="rgba(75, 73, 73, 0.8)"
      secureTextEntry={true}
      style={
        Object {
          "backgroundColor": "#EFEFEF",
          "borderRadius": 4,
          "color": "rgba(75, 73, 73, 1)",
          "fontFamily": "Raleway-Regular",
          "height": 32,
          "paddingHorizontal": 8,
          "width": 686,
        }
      }
      underlineColorAndroid="#448AFF"
      value={undefined}
    />
    <View
      style={
        Object {
          "height": 40,
        }
      }
    />
  </View>
  <View
    style={
      Object {
        "height": 50,
      }
    }
  />
  <View
    style={
      Object {
        "alignItems": "center",
        "alignSelf": "center",
        "flex": 1,
        "flexDirection": "row",
      }
    }
  >
    <View
      accessibilityComponentType={undefined}
      accessibilityLabel={undefined}
      accessibilityTraits={undefined}
      accessible={true}
      hitSlop={undefined}
      isTVSelectable={true}
      onLayout={undefined}
      onResponderGrant={[Function]}
      onResponderMove={[Function]}
      onResponderRelease={[Function]}
      onResponderTerminate={[Function]}
      onResponderTerminationRequest={[Function]}
      onStartShouldSetResponder={[Function]}
      style={
        Object {
          "alignItems": "center",
          "backgroundColor": "transparent",
          "flexDirection": "row",
          "justifyContent": "center",
          "opacity": 1,
        }
      }
      testID={undefined}
      tvParallaxProperties={undefined}
    >
      <Text
        accessible={true}
        allowFontScaling={true}
        ellipsizeMode="tail"
        style={
          Object {
            "color": "#FFF",
            "fontFamily": "Raleway-Regular",
            "fontSize": 20,
          }
        }
      >
        Finished
         
      </Text>
    </View>
  </View>
</View>
`;
